---
source: tests/simulation_test.rs
expression: segment_register_store.segment_register_memory_map()
---
[
    (
        "es",
        26231,
    ),
    (
        "cs",
        0,
    ),
    (
        "ss",
        17425,
    ),
    (
        "ds",
        13124,
    ),
]
