---
source: tests/simulation_test.rs
expression: reader.stream_position()
---
Ok(
    28,
)
